2025-10-17 20:21:45,695 - __main__ - INFO - Запуск приложения...
2025-10-17 20:21:45,695 - controller - INFO - Инициализация контроллера...
2025-10-17 20:21:45,739 - dbrequest - INFO - Инициализация единой базы данных: db/app_data.db
2025-10-17 20:21:45,739 - dbrequest - INFO - Все таблицы в db/app_data.db созданы/проверены.
2025-10-17 20:21:45,741 - controller - INFO - Контроллер инициализирован
2025-10-17 20:21:45,741 - controller - INFO - Запуск HTTP сервера...
2025-10-17 20:21:45,741 - controller - INFO - Регистрация маршрутов...
2025-10-17 20:21:45,751 - controller - INFO - Сервер запущен на 0.0.0.0:8000 с использованием HTTP
2025-10-17 20:21:52,001 - controller_func - INFO - Запрос главной страницы
2025-10-17 20:21:52,370 - controller_func - INFO - Запрос профиля пользователя по токену: 4460441345229872522737
2025-10-17 20:21:52,406 - controller_func - INFO - Запрос списка полей для токена 4460441345229872522737
2025-10-17 20:21:52,408 - controller_func - INFO - Запрос списка анализов для токена: 4460441345229872522737
2025-10-17 20:21:58,348 - controller_func - INFO - Запрос полного анализа для токена 4460441345229872522737
2025-10-17 20:21:58,349 - gee_initializer - INFO - Инициализация GEE с сервисным аккаунтом: hack25addcode-3171f61bba2c.json
2025-10-17 20:22:01,392 - gee_initializer - INFO - GEE успешно инициализирован
2025-10-17 20:22:01,393 - analysis_manager - INFO - Запуск анализа коллекции для полигона...
2025-10-17 20:22:09,871 - analysis_manager - INFO - Анализ коллекции 1760721729 успешно сохранен
2025-10-17 20:22:09,878 - controller_func - INFO - Запрос AI-рекомендаций для анализа 1760721729
2025-10-17 20:22:09,879 - gigachat_service - INFO - Отправка запроса в GigaChat с данными: {'ndvi': 0.76460200548172, 'savi': 1.146615982055664, 'evi': 1.9856666922569275, 'vari': 0.21029658615589142}
2025-10-17 20:22:09,898 - controller_func - INFO - Запрос анализа timeseries для токена: 4460441345229872522737
2025-10-17 20:22:09,902 - controller_func - INFO - Запрос списка анализов для токена: 4460441345229872522737
2025-10-17 20:22:10,048 - httpx - INFO - HTTP Request: POST https://ngw.devices.sberbank.ru:9443/api/v2/oauth "HTTP/1.1 200 OK"
2025-10-17 20:22:13,487 - httpx - INFO - HTTP Request: POST https://gigachat.devices.sberbank.ru/api/v1/chat/completions "HTTP/1.1 200 OK"
2025-10-17 20:22:13,493 - gigachat_service - INFO - Ответ от GigaChat успешно получен.
2025-10-17 20:28:26,346 - __main__ - INFO - Запуск приложения...
2025-10-17 20:28:26,346 - controller - INFO - Инициализация контроллера...
2025-10-17 20:28:26,388 - dbrequest - INFO - Инициализация единой базы данных: db/app_data.db
2025-10-17 20:28:26,388 - dbrequest - INFO - Все таблицы в db/app_data.db созданы/проверены.
2025-10-17 20:28:26,389 - controller - INFO - Контроллер инициализирован
2025-10-17 20:28:26,389 - controller - INFO - Запуск HTTP сервера...
2025-10-17 20:28:26,389 - controller - INFO - Регистрация маршрутов...
2025-10-17 20:28:26,400 - controller - INFO - Сервер запущен на 0.0.0.0:8000 с использованием HTTP
2025-10-17 20:28:32,207 - controller_func - INFO - Запрос главной страницы
2025-10-17 20:34:26,363 - __main__ - INFO - Запуск приложения...
2025-10-17 20:34:26,363 - controller - INFO - Инициализация контроллера...
2025-10-17 20:34:26,393 - dbrequest - INFO - Инициализация единой базы данных: db/app_data.db
2025-10-17 20:34:26,394 - dbrequest - INFO - Все таблицы в db/app_data.db созданы/проверены.
2025-10-17 20:34:26,394 - controller - INFO - Контроллер инициализирован
2025-10-17 20:34:26,394 - controller - INFO - Запуск HTTP сервера...
2025-10-17 20:34:26,394 - controller - INFO - Регистрация маршрутов...
2025-10-17 20:34:26,405 - controller - INFO - Сервер запущен на 0.0.0.0:8000 с использованием HTTP
2025-10-17 20:34:41,890 - controller_func - INFO - Запрос главной страницы
2025-10-17 20:40:58,080 - __main__ - INFO - Запуск приложения...
2025-10-17 20:40:58,080 - controller - INFO - Инициализация контроллера...
2025-10-17 20:40:58,116 - dbrequest - INFO - Инициализация единой базы данных: db/app_data.db
2025-10-17 20:40:58,117 - dbrequest - INFO - Все таблицы в db/app_data.db созданы/проверены.
2025-10-17 20:40:58,119 - controller - INFO - Контроллер инициализирован
2025-10-17 20:40:58,119 - controller - INFO - Запуск HTTP сервера...
2025-10-17 20:40:58,119 - controller - INFO - Регистрация маршрутов...
2025-10-17 20:40:58,129 - controller - INFO - Сервер запущен на 0.0.0.0:8000 с использованием HTTP
2025-10-17 21:05:10,596 - __main__ - INFO - Запуск приложения...
2025-10-17 21:05:10,597 - controller - INFO - Инициализация контроллера...
2025-10-17 21:05:10,633 - dbrequest - INFO - Инициализация единой базы данных: db/app_data.db
2025-10-17 21:05:10,634 - dbrequest - INFO - Все таблицы в db/app_data.db созданы/проверены.
2025-10-17 21:05:10,635 - controller - INFO - Контроллер инициализирован
2025-10-17 21:05:10,635 - controller - INFO - Запуск HTTP сервера...
2025-10-17 21:05:10,635 - controller - INFO - Регистрация маршрутов...
2025-10-17 21:05:10,652 - controller - INFO - Сервер запущен на 0.0.0.0:8000 с использованием HTTP
2025-10-17 21:05:50,491 - controller_func - INFO - Запрос на добавление пользователя: pitikinm@gmail.com
2025-10-17 21:05:50,493 - controller_func - INFO - Генерация токена для пользователя: pitikinm@gmail.com
2025-10-17 21:05:50,494 - controller_func - INFO - Добавление пользователя pitikinm@gmail.com с токеном: 4992047187969184215349
2025-10-17 21:05:50,517 - dbrequest - INFO - Пользователь pitikinm@gmail.com (ID: 6) успешно добавлен.
2025-10-17 21:05:50,517 - controller_func - INFO - Пользователь pitikinm@gmail.com успешно зарегистрирован
2025-10-17 21:05:50,520 - controller_func - INFO - Запрос токена для пользователя: pitikinm@gmail.com
2025-10-17 21:05:50,521 - controller_func - INFO - Токен успешно выдан для пользователя: pitikinm@gmail.com
2025-10-17 21:05:54,470 - controller_func - INFO - Запрос на добавление пользователя: pitikinm@gmail.com
2025-10-17 21:05:54,472 - controller_func - WARNING - Попытка регистрации существующего пользователя: pitikinm@gmail.com
2025-10-17 21:05:54,480 - controller_func - INFO - Запрос токена для пользователя: pitikinm@gmail.com
2025-10-17 21:05:54,482 - controller_func - INFO - Токен успешно выдан для пользователя: pitikinm@gmail.com
2025-10-17 21:06:33,397 - controller_func - INFO - Запрос токена для пользователя: pitikinm@gmail.com
2025-10-17 21:06:33,399 - controller_func - INFO - Токен успешно выдан для пользователя: pitikinm@gmail.com
2025-10-17 21:06:33,458 - controller_func - INFO - Запрос профиля пользователя по токену: 4992047187969184215349
2025-10-17 21:06:37,526 - controller_func - INFO - Запрос списка полей для токена 4992047187969184215349
2025-10-17 21:06:38,967 - controller_func - INFO - Запрос списка анализов для токена: 4992047187969184215349
2025-10-17 21:06:40,601 - controller_func - INFO - Запрос списка полей для токена 4992047187969184215349
2025-10-17 21:06:41,642 - controller_func - INFO - Запрос списка анализов для токена: 4992047187969184215349
2025-10-17 21:06:53,140 - controller_func - INFO - Запрос списка полей для токена 4992047187969184215349
2025-10-17 21:08:22,092 - controller_func - INFO - Запрос сохранения поля 'Полюшко' для токена 4992047187969184215349
2025-10-17 21:08:22,104 - controller_func - INFO - Запрос списка полей для токена 4992047187969184215349
2025-10-17 21:08:27,563 - controller_func - INFO - Запрос полного анализа для токена 4992047187969184215349
2025-10-17 21:08:27,564 - gee_initializer - INFO - Инициализация GEE с сервисным аккаунтом: hack25addcode-3171f61bba2c.json
2025-10-17 21:08:29,488 - gee_initializer - INFO - GEE успешно инициализирован
2025-10-17 21:08:29,488 - analysis_manager - INFO - Запуск анализа коллекции для полигона...
2025-10-17 21:11:24,966 - __main__ - INFO - Запуск приложения...
2025-10-17 21:11:24,966 - controller - INFO - Инициализация контроллера...
2025-10-17 21:11:27,002 - dbrequest - INFO - Инициализация единой базы данных: db/app_data.db
2025-10-17 21:11:27,003 - dbrequest - INFO - Все таблицы в db/app_data.db созданы/проверены.
2025-10-17 21:11:27,003 - controller - INFO - Контроллер инициализирован
2025-10-17 21:11:27,003 - controller - INFO - Запуск HTTP сервера...
2025-10-17 21:11:27,004 - controller - INFO - Регистрация маршрутов...
2025-10-17 21:11:27,022 - controller - INFO - Сервер запущен на 0.0.0.0:8000 с использованием HTTP
2025-10-17 21:11:29,866 - __main__ - INFO - Запуск приложения...
2025-10-17 21:11:29,866 - controller - INFO - Инициализация контроллера...
2025-10-17 21:11:31,898 - dbrequest - INFO - Инициализация единой базы данных: db/app_data.db
2025-10-17 21:11:31,899 - dbrequest - INFO - Все таблицы в db/app_data.db созданы/проверены.
2025-10-17 21:11:31,901 - controller - INFO - Контроллер инициализирован
2025-10-17 21:11:31,901 - controller - INFO - Запуск HTTP сервера...
2025-10-17 21:11:31,901 - controller - INFO - Регистрация маршрутов...
2025-10-17 21:11:31,919 - controller - INFO - Сервер запущен на 0.0.0.0:8000 с использованием HTTP
2025-10-17 21:11:40,799 - controller_func - INFO - Запрос профиля пользователя по токену: 4992047187969184215349
2025-10-17 21:11:41,718 - controller_func - INFO - Запрос профиля пользователя по токену: 4992047187969184215349
2025-10-17 21:11:44,049 - controller_func - INFO - Запрос списка полей для токена 4992047187969184215349
2025-10-17 21:11:48,006 - controller_func - INFO - Запрос полного анализа для токена 4992047187969184215349
2025-10-17 21:11:48,009 - gee_initializer - INFO - Инициализация GEE с сервисным аккаунтом: hack25addcode-3171f61bba2c.json
2025-10-17 21:11:49,793 - gee_initializer - INFO - GEE успешно инициализирован
2025-10-17 21:11:49,793 - analysis_manager - INFO - Запуск анализа коллекции для полигона...
2025-10-17 21:13:14,176 - analysis_manager - ERROR - Ошибка при выполнении анализа коллекции: Не удалось обработать ни одного снимка. Возможно, все они содержат ошибки или пусты.
2025-10-17 21:16:14,588 - __main__ - INFO - Запуск приложения...
2025-10-17 21:16:14,589 - controller - INFO - Инициализация контроллера...
2025-10-17 21:16:14,629 - dbrequest - INFO - Инициализация единой базы данных: db/app_data.db
2025-10-17 21:16:14,630 - dbrequest - INFO - Все таблицы в db/app_data.db созданы/проверены.
2025-10-17 21:16:14,630 - controller - INFO - Контроллер инициализирован
2025-10-17 21:16:14,631 - controller - INFO - Запуск HTTP сервера...
2025-10-17 21:16:14,631 - controller - INFO - Регистрация маршрутов...
2025-10-17 21:16:14,647 - controller - INFO - Сервер запущен на 0.0.0.0:8000 с использованием HTTP
2025-10-17 21:16:32,855 - controller_func - INFO - Запрос списка анализов для токена: 4992047187969184215349
2025-10-17 21:16:34,789 - controller_func - INFO - Запрос списка полей для токена 4992047187969184215349
2025-10-17 21:16:53,262 - controller_func - INFO - Запрос полного анализа для токена 4992047187969184215349
2025-10-17 21:16:53,263 - gee_initializer - INFO - Инициализация GEE с сервисным аккаунтом: hack25addcode-3171f61bba2c.json
2025-10-17 21:16:55,575 - gee_initializer - INFO - GEE успешно инициализирован
2025-10-17 21:16:55,576 - analysis_manager - INFO - Запуск анализа коллекции для полигона...
2025-10-17 21:19:39,387 - analysis_manager - INFO - Анализ коллекции 1760725178 успешно сохранен
2025-10-17 21:19:50,764 - controller_func - INFO - Запрос списка анализов для токена: 4992047187969184215349
2025-10-17 21:19:52,358 - controller_func - INFO - Запрос анализа 1760725178 для токена: 4992047187969184215349
2025-10-17 21:19:52,501 - controller_func - INFO - Запрос AI-рекомендаций для анализа 1760725178
2025-10-17 21:19:52,513 - gigachat_service - INFO - Отправка запроса в GigaChat с данными: {'ndvi': -0.021076829978139013, 'savi': -0.030990529629225667, 'evi': 11835.958002256199, 'vari': 8104301.677385085}
2025-10-17 21:19:52,705 - httpx - INFO - HTTP Request: POST https://ngw.devices.sberbank.ru:9443/api/v2/oauth "HTTP/1.1 200 OK"
2025-10-17 21:19:55,997 - httpx - INFO - HTTP Request: POST https://gigachat.devices.sberbank.ru/api/v1/chat/completions "HTTP/1.1 200 OK"
2025-10-17 21:19:56,000 - gigachat_service - INFO - Ответ от GigaChat успешно получен.
2025-10-17 21:20:39,648 - __main__ - INFO - Запуск приложения...
2025-10-17 21:20:39,649 - controller - INFO - Инициализация контроллера...
2025-10-17 21:20:39,682 - dbrequest - INFO - Инициализация единой базы данных: db/app_data.db
2025-10-17 21:20:39,683 - dbrequest - INFO - Все таблицы в db/app_data.db созданы/проверены.
2025-10-17 21:20:39,683 - controller - INFO - Контроллер инициализирован
2025-10-17 21:20:39,683 - controller - INFO - Запуск HTTP сервера...
2025-10-17 21:20:39,684 - controller - INFO - Регистрация маршрутов...
2025-10-17 21:20:39,700 - controller - INFO - Сервер запущен на 0.0.0.0:8000 с использованием HTTP
2025-10-17 21:20:44,412 - controller_func - INFO - Запрос списка полей для токена 4992047187969184215349
2025-10-17 21:20:50,100 - controller_func - INFO - Запрос полного анализа для токена 4992047187969184215349
2025-10-17 21:20:50,101 - gee_initializer - INFO - Инициализация GEE с сервисным аккаунтом: hack25addcode-3171f61bba2c.json
2025-10-17 21:20:53,389 - gee_initializer - INFO - GEE успешно инициализирован
2025-10-17 21:20:53,389 - analysis_manager - INFO - Запуск анализа коллекции для полигона...
2025-10-17 21:21:44,957 - analysis_manager - INFO - Анализ коллекции 1760725304 успешно сохранен
2025-10-17 21:21:56,711 - controller_func - INFO - Запрос списка анализов для токена: 4992047187969184215349
2025-10-17 21:21:58,446 - controller_func - INFO - Запрос анализа 1760725304 для токена: 4992047187969184215349
2025-10-17 21:21:58,482 - controller_func - INFO - Запрос AI-рекомендаций для анализа 1760725304
2025-10-17 21:21:58,486 - gigachat_service - INFO - Отправка запроса в GigaChat с данными: {'ndvi': -0.028908993531432416, 'savi': -0.04208536487486628, 'evi': 16481.92771853372, 'vari': 15369229.261195801}
2025-10-17 21:21:58,836 - httpx - INFO - HTTP Request: POST https://ngw.devices.sberbank.ru:9443/api/v2/oauth "HTTP/1.1 200 OK"
2025-10-17 21:22:02,593 - httpx - INFO - HTTP Request: POST https://gigachat.devices.sberbank.ru/api/v1/chat/completions "HTTP/1.1 200 OK"
2025-10-17 21:22:02,596 - gigachat_service - INFO - Ответ от GigaChat успешно получен.
2025-10-17 21:22:15,617 - controller_func - INFO - Запрос списка полей для токена 4992047187969184215349
2025-10-17 21:23:22,483 - controller_func - INFO - Запрос сохранения поля 'Пополя' для токена 4992047187969184215349
2025-10-17 21:23:22,543 - controller_func - INFO - Запрос списка полей для токена 4992047187969184215349
2025-10-17 21:23:26,060 - controller_func - INFO - Запрос полного анализа для токена 4992047187969184215349
2025-10-17 21:23:26,061 - analysis_manager - INFO - Запуск анализа коллекции для полигона...
2025-10-17 21:24:15,875 - __main__ - INFO - Запуск приложения...
2025-10-17 21:24:15,875 - controller - INFO - Инициализация контроллера...
2025-10-17 21:24:17,911 - dbrequest - INFO - Инициализация единой базы данных: db/app_data.db
2025-10-17 21:24:17,913 - dbrequest - INFO - Все таблицы в db/app_data.db созданы/проверены.
2025-10-17 21:24:17,915 - controller - INFO - Контроллер инициализирован
2025-10-17 21:24:17,915 - controller - INFO - Запуск HTTP сервера...
2025-10-17 21:24:17,915 - controller - INFO - Регистрация маршрутов...
2025-10-17 21:24:17,938 - controller - INFO - Сервер запущен на 0.0.0.0:8000 с использованием HTTP
2025-10-17 21:24:37,053 - __main__ - INFO - Запуск приложения...
2025-10-17 21:24:37,053 - controller - INFO - Инициализация контроллера...
2025-10-17 21:24:39,094 - dbrequest - INFO - Инициализация единой базы данных: db/app_data.db
2025-10-17 21:24:39,097 - dbrequest - INFO - Все таблицы в db/app_data.db созданы/проверены.
2025-10-17 21:24:39,103 - controller - INFO - Контроллер инициализирован
2025-10-17 21:24:39,104 - controller - INFO - Запуск HTTP сервера...
2025-10-17 21:24:39,105 - controller - INFO - Регистрация маршрутов...
2025-10-17 21:24:39,164 - controller - INFO - Сервер запущен на 0.0.0.0:8000 с использованием HTTP
2025-10-17 21:24:41,025 - controller_func - INFO - Запрос профиля пользователя по токену: 4992047187969184215349
2025-10-17 21:24:41,826 - controller_func - INFO - Запрос профиля пользователя по токену: 4992047187969184215349
2025-10-17 21:24:44,756 - controller_func - INFO - Запрос списка полей для токена 4992047187969184215349
2025-10-17 21:24:47,995 - controller_func - INFO - Запрос полного анализа для токена 4992047187969184215349
2025-10-17 21:24:47,997 - gee_initializer - INFO - Инициализация GEE с сервисным аккаунтом: hack25addcode-3171f61bba2c.json
2025-10-17 21:24:53,612 - gee_initializer - INFO - GEE успешно инициализирован
2025-10-17 21:24:53,612 - analysis_manager - INFO - Запуск анализа коллекции для полигона...
2025-10-17 21:25:16,891 - __main__ - INFO - Запуск приложения...
2025-10-17 21:25:16,891 - controller - INFO - Инициализация контроллера...
2025-10-17 21:25:18,930 - dbrequest - INFO - Инициализация единой базы данных: db/app_data.db
2025-10-17 21:25:18,932 - dbrequest - INFO - Все таблицы в db/app_data.db созданы/проверены.
2025-10-17 21:25:18,934 - controller - INFO - Контроллер инициализирован
2025-10-17 21:25:18,934 - controller - INFO - Запуск HTTP сервера...
2025-10-17 21:25:18,934 - controller - INFO - Регистрация маршрутов...
2025-10-17 21:25:18,954 - controller - INFO - Сервер запущен на 0.0.0.0:8000 с использованием HTTP
2025-10-17 21:25:21,109 - controller_func - INFO - Запрос профиля пользователя по токену: 4992047187969184215349
2025-10-17 21:25:21,718 - controller_func - INFO - Запрос профиля пользователя по токену: 4992047187969184215349
2025-10-17 21:25:23,136 - controller_func - INFO - Запрос списка полей для токена 4992047187969184215349
2025-10-17 21:25:25,090 - controller_func - INFO - Запрос полного анализа для токена 4992047187969184215349
2025-10-17 21:25:25,090 - gee_initializer - INFO - Инициализация GEE с сервисным аккаунтом: hack25addcode-3171f61bba2c.json
2025-10-17 21:25:27,968 - gee_initializer - INFO - GEE успешно инициализирован
2025-10-17 21:25:27,969 - analysis_manager - INFO - Запуск анализа коллекции для полигона...
2025-10-17 21:26:00,976 - __main__ - INFO - Запуск приложения...
2025-10-17 21:26:00,976 - controller - INFO - Инициализация контроллера...
2025-10-17 21:26:03,016 - dbrequest - INFO - Инициализация единой базы данных: db/app_data.db
2025-10-17 21:26:03,018 - dbrequest - INFO - Все таблицы в db/app_data.db созданы/проверены.
2025-10-17 21:26:03,022 - controller - INFO - Контроллер инициализирован
2025-10-17 21:26:03,022 - controller - INFO - Запуск HTTP сервера...
2025-10-17 21:26:03,022 - controller - INFO - Регистрация маршрутов...
2025-10-17 21:26:03,048 - controller - INFO - Сервер запущен на 0.0.0.0:8000 с использованием HTTP
2025-10-17 21:26:23,109 - __main__ - INFO - Запуск приложения...
2025-10-17 21:26:23,109 - controller - INFO - Инициализация контроллера...
2025-10-17 21:26:25,144 - dbrequest - INFO - Инициализация единой базы данных: db/app_data.db
2025-10-17 21:26:25,145 - dbrequest - INFO - Все таблицы в db/app_data.db созданы/проверены.
2025-10-17 21:26:25,148 - controller - INFO - Контроллер инициализирован
2025-10-17 21:26:25,148 - controller - INFO - Запуск HTTP сервера...
2025-10-17 21:26:25,148 - controller - INFO - Регистрация маршрутов...
2025-10-17 21:26:25,197 - controller - INFO - Сервер запущен на 0.0.0.0:8000 с использованием HTTP
2025-10-17 21:26:28,321 - controller_func - INFO - Запрос токена для пользователя: 11
2025-10-17 21:26:28,321 - controller_func - WARNING - Пользователь не найден: 11
2025-10-17 21:26:29,808 - controller_func - INFO - Запрос токена для пользователя: 11
2025-10-17 21:26:29,809 - controller_func - WARNING - Пользователь не найден: 11
2025-10-17 21:26:54,885 - controller_func - INFO - Запрос токена для пользователя: pitikinm@gmail.com
2025-10-17 21:26:54,888 - controller_func - INFO - Токен успешно выдан для пользователя: pitikinm@gmail.com
2025-10-17 21:26:54,929 - controller_func - INFO - Запрос профиля пользователя по токену: 4992047187969184215349
2025-10-17 21:26:56,293 - controller_func - INFO - Запрос списка полей для токена 4992047187969184215349
2025-10-17 21:26:59,553 - controller_func - INFO - Запрос полного анализа для токена 4992047187969184215349
2025-10-17 21:26:59,553 - gee_initializer - INFO - Инициализация GEE с сервисным аккаунтом: hack25addcode-3171f61bba2c.json
2025-10-17 21:27:02,532 - gee_initializer - INFO - GEE успешно инициализирован
2025-10-17 21:27:02,532 - analysis_manager - INFO - Запуск анализа коллекции для полигона...
2025-10-17 21:27:21,015 - analysis_manager - INFO - Анализ коллекции 1760725641 успешно сохранен
2025-10-17 21:27:24,601 - controller_func - INFO - Запрос списка анализов для токена: 4992047187969184215349
2025-10-17 21:27:25,828 - controller_func - INFO - Запрос анализа 1760725641 для токена: 4992047187969184215349
2025-10-17 21:27:25,846 - controller_func - INFO - Запрос AI-рекомендаций для анализа 1760725641
2025-10-17 21:27:25,847 - gigachat_service - INFO - Отправка запроса в GigaChat с данными: {'ndvi': -0.07728271018713713, 'savi': -0.10248233210295439, 'evi': 0.02652520574629307, 'vari': 285330.50130887225}
2025-10-17 21:27:25,947 - httpx - INFO - HTTP Request: POST https://ngw.devices.sberbank.ru:9443/api/v2/oauth "HTTP/1.1 200 OK"
2025-10-17 21:27:29,124 - httpx - INFO - HTTP Request: POST https://gigachat.devices.sberbank.ru/api/v1/chat/completions "HTTP/1.1 200 OK"
2025-10-17 21:27:29,132 - gigachat_service - INFO - Ответ от GigaChat успешно получен.
2025-10-17 21:27:55,471 - controller_func - INFO - Запрос списка полей для токена 4992047187969184215349
2025-10-17 21:48:23,162 - controller_func - INFO - Запрос полного анализа для токена 4992047187969184215349
2025-10-17 21:48:23,166 - analysis_manager - INFO - Запуск анализа коллекции для полигона...
2025-10-17 21:48:26,238 - analysis_manager - ERROR - Ошибка при выполнении анализа коллекции: Не найдено снимков за указанный период с облачностью менее 0.05%. Попробуйте расширить диапазон дат.
2025-10-17 21:49:10,241 - controller_func - INFO - Запрос полного анализа для токена 4992047187969184215349
2025-10-17 21:49:10,241 - analysis_manager - INFO - Запуск анализа коллекции для полигона...
2025-10-17 21:49:31,550 - analysis_manager - INFO - Анализ коллекции 1760726971 успешно сохранен
2025-10-17 21:49:50,340 - controller_func - INFO - Запрос списка анализов для токена: 4992047187969184215349
2025-10-17 21:49:52,000 - controller_func - INFO - Запрос анализа 1760726971 для токена: 4992047187969184215349
2025-10-17 21:49:52,022 - controller_func - INFO - Запрос AI-рекомендаций для анализа 1760726971
2025-10-17 21:49:52,023 - gigachat_service - INFO - Отправка запроса в GigaChat с данными: {'ndvi': -0.07728271018713713, 'savi': -0.10248233210295439, 'evi': 0.02652520574629307, 'vari': 285330.50130887225}
2025-10-17 21:49:52,023 - gigachat_service - ERROR - Ошибка при взаимодействии с API GigaChat: Cannot send a request, as the client has been closed.
2025-10-17 22:05:52,236 - __main__ - INFO - Запуск приложения...
2025-10-17 22:05:52,237 - controller - INFO - Инициализация контроллера...
2025-10-17 22:05:52,269 - dbrequest - INFO - Инициализация единой базы данных: db/app_data.db
2025-10-17 22:05:52,269 - dbrequest - INFO - Все таблицы в db/app_data.db созданы/проверены.
2025-10-17 22:05:52,270 - controller - INFO - Контроллер инициализирован
2025-10-17 22:05:52,270 - controller - INFO - Запуск HTTP сервера...
2025-10-17 22:05:52,270 - controller - INFO - Регистрация маршрутов...
2025-10-17 22:05:52,287 - controller - INFO - Сервер запущен на 0.0.0.0:8000 с использованием HTTP
2025-10-17 22:05:58,498 - controller_func - INFO - Запрос профиля пользователя по токену: 4992047187969184215349
2025-10-17 22:06:08,805 - controller_func - INFO - Запрос профиля пользователя по токену: 4992047187969184215349
2025-10-17 22:06:14,313 - controller_func - INFO - Запрос списка полей для токена 4992047187969184215349
2025-10-17 22:06:16,352 - controller_func - INFO - Запрос списка анализов для токена: 4992047187969184215349
2025-10-17 22:06:19,931 - controller_func - INFO - Запрос анализа 1760726971 для токена: 4992047187969184215349
2025-10-17 22:06:19,951 - controller_func - INFO - Запрос AI-рекомендаций для анализа 1760726971
2025-10-17 22:06:19,952 - gigachat_service - INFO - Отправка запроса в GigaChat с данными: {'ndvi': -0.07728271018713713, 'savi': -0.10248233210295439, 'evi': 0.02652520574629307, 'vari': 285330.50130887225}
2025-10-17 22:06:20,107 - httpx - INFO - HTTP Request: POST https://ngw.devices.sberbank.ru:9443/api/v2/oauth "HTTP/1.1 200 OK"
2025-10-17 22:06:23,637 - httpx - INFO - HTTP Request: POST https://gigachat.devices.sberbank.ru/api/v1/chat/completions "HTTP/1.1 200 OK"
2025-10-17 22:06:23,641 - gigachat_service - INFO - Ответ от GigaChat успешно получен.
2025-10-17 22:06:29,945 - controller_func - INFO - Запрос анализа 1760725641 для токена: 4992047187969184215349
2025-10-17 22:06:29,964 - controller_func - INFO - Запрос AI-рекомендаций для анализа 1760725641
2025-10-17 22:06:29,967 - gigachat_service - INFO - Отправка запроса в GigaChat с данными: {'ndvi': -0.07728271018713713, 'savi': -0.10248233210295439, 'evi': 0.02652520574629307, 'vari': 285330.50130887225}
2025-10-17 22:06:29,967 - gigachat_service - ERROR - Ошибка при взаимодействии с API GigaChat: Cannot send a request, as the client has been closed.
2025-10-17 22:08:23,593 - controller_func - INFO - Запрос профиля пользователя по токену: 4992047187969184215349
2025-10-17 22:08:33,081 - controller_func - INFO - Запрос профиля пользователя по токену: 4992047187969184215349
2025-10-17 22:08:34,271 - controller_func - INFO - Запрос списка полей для токена 4992047187969184215349
2025-10-17 22:08:35,049 - controller_func - INFO - Запрос списка анализов для токена: 4992047187969184215349
2025-10-17 22:10:52,909 - __main__ - INFO - Запуск приложения...
2025-10-17 22:10:52,909 - controller - INFO - Инициализация контроллера...
2025-10-17 22:10:52,946 - dbrequest - INFO - Инициализация единой базы данных: db/app_data.db
2025-10-17 22:10:52,947 - dbrequest - INFO - Все таблицы в db/app_data.db созданы/проверены.
2025-10-17 22:10:52,948 - controller - INFO - Контроллер инициализирован
2025-10-17 22:10:52,948 - controller - INFO - Запуск HTTP сервера...
2025-10-17 22:10:52,948 - controller - INFO - Регистрация маршрутов...
2025-10-17 22:10:52,965 - controller - INFO - Сервер запущен на 0.0.0.0:8000 с использованием HTTP
2025-10-17 22:10:55,156 - controller_func - INFO - Запрос списка полей для токена 4992047187969184215349
2025-10-17 22:10:56,079 - controller_func - INFO - Запрос списка полей для токена 4992047187969184215349
2025-10-17 22:10:57,197 - controller_func - INFO - Запрос списка полей для токена 4992047187969184215349
2025-10-17 22:14:01,639 - controller_func - INFO - Запрос профиля пользователя по токену: 4992047187969184215349
2025-10-17 22:14:02,394 - controller_func - INFO - Запрос профиля пользователя по токену: 4992047187969184215349
2025-10-17 22:14:03,631 - controller_func - INFO - Запрос списка полей для токена 4992047187969184215349
2025-10-17 22:14:05,535 - controller_func - INFO - Запрос списка полей для токена 4992047187969184215349
2025-10-17 22:14:56,243 - controller_func - INFO - Запрос сохранения поля 'полполя' для токена 4992047187969184215349
2025-10-17 22:14:56,260 - controller_func - INFO - Запрос списка полей для токена 4992047187969184215349
2025-10-17 22:14:59,697 - controller_func - INFO - Запрос полного анализа для токена 4992047187969184215349
2025-10-17 22:14:59,698 - gee_initializer - INFO - Инициализация GEE с сервисным аккаунтом: hack25addcode-3171f61bba2c.json
2025-10-17 22:15:02,159 - gee_initializer - INFO - GEE успешно инициализирован
2025-10-17 22:15:02,160 - analysis_manager - INFO - Запуск анализа коллекции для полигона...
2025-10-17 22:16:31,841 - __main__ - INFO - Запуск приложения...
2025-10-17 22:16:31,842 - controller - INFO - Инициализация контроллера...
2025-10-17 22:16:33,879 - dbrequest - INFO - Инициализация единой базы данных: db/app_data.db
2025-10-17 22:16:33,881 - dbrequest - INFO - Все таблицы в db/app_data.db созданы/проверены.
2025-10-17 22:16:33,883 - controller - INFO - Контроллер инициализирован
2025-10-17 22:16:33,883 - controller - INFO - Запуск HTTP сервера...
2025-10-17 22:16:33,883 - controller - INFO - Регистрация маршрутов...
2025-10-17 22:16:33,917 - controller - INFO - Сервер запущен на 0.0.0.0:8000 с использованием HTTP
2025-10-17 22:16:40,911 - controller_func - INFO - Запрос сохранения поля 'полполя' для токена 4992047187969184215349
2025-10-17 22:16:40,929 - controller_func - INFO - Запрос списка полей для токена 4992047187969184215349
2025-10-17 22:16:45,667 - controller_func - INFO - Запрос полного анализа для токена 4992047187969184215349
2025-10-17 22:16:45,668 - gee_initializer - INFO - Инициализация GEE с сервисным аккаунтом: hack25addcode-3171f61bba2c.json
2025-10-17 22:16:48,488 - gee_initializer - INFO - GEE успешно инициализирован
2025-10-17 22:16:48,489 - analysis_manager - INFO - Запуск анализа коллекции для полигона...
2025-10-17 22:47:20,305 - __main__ - INFO - Запуск приложения...
2025-10-17 22:47:20,305 - controller - INFO - Инициализация контроллера...
2025-10-17 22:47:22,344 - dbrequest - INFO - Инициализация единой базы данных: db/app_data.db
2025-10-17 22:47:22,345 - dbrequest - INFO - Все таблицы в db/app_data.db созданы/проверены.
2025-10-17 22:47:22,345 - controller - INFO - Контроллер инициализирован
2025-10-17 22:47:22,345 - controller - INFO - Запуск HTTP сервера...
2025-10-17 22:47:22,345 - controller - INFO - Регистрация маршрутов...
2025-10-17 22:47:22,364 - controller - INFO - Сервер запущен на 0.0.0.0:8000 с использованием HTTP
2025-10-17 22:56:25,546 - controller_func - INFO - Запрос токена для пользователя: 11
2025-10-17 22:56:25,548 - controller_func - WARNING - Пользователь не найден: 11
2025-10-17 22:56:26,175 - controller_func - INFO - Запрос токена для пользователя: 11
2025-10-17 22:56:26,179 - controller_func - WARNING - Пользователь не найден: 11
2025-10-17 22:56:34,469 - controller_func - INFO - Запрос на добавление пользователя: 11
2025-10-17 22:56:34,469 - controller_func - INFO - Генерация токена для пользователя: 11
2025-10-17 22:56:34,469 - controller_func - INFO - Добавление пользователя 11 с токеном: 2790976436791441417137
2025-10-17 22:56:34,472 - dbrequest - INFO - Пользователь 11 (ID: 7) успешно добавлен.
2025-10-17 22:56:34,472 - controller_func - INFO - Пользователь 11 успешно зарегистрирован
2025-10-17 22:56:36,809 - controller_func - INFO - Запрос токена для пользователя: 11
2025-10-17 22:56:36,812 - controller_func - INFO - Токен успешно выдан для пользователя: 11
2025-10-17 22:56:36,828 - controller_func - INFO - Запрос профиля пользователя по токену: 2790976436791441417137
2025-10-17 22:56:36,871 - controller_func - INFO - Запрос списка полей для токена 2790976436791441417137
2025-10-17 22:56:36,873 - controller_func - INFO - Запрос списка анализов для токена: 2790976436791441417137
2025-10-17 22:56:48,274 - controller_func - INFO - Запрос полного анализа для токена 2790976436791441417137
2025-10-17 22:56:48,274 - gee_initializer - INFO - Инициализация GEE с сервисным аккаунтом: hack25addcode-3171f61bba2c.json
2025-10-17 22:56:50,579 - gee_initializer - INFO - GEE успешно инициализирован
2025-10-17 22:56:50,579 - analysis_manager - INFO - Запуск анализа коллекции для полигона...
2025-10-17 22:56:58,699 - analysis_manager - INFO - Анализ коллекции 1760731018 успешно сохранен
2025-10-17 22:56:58,710 - controller_func - INFO - Запрос AI-рекомендаций для анализа 1760731018
2025-10-17 22:56:58,711 - gigachat_service - INFO - Отправка запроса в GigaChat с данными: {'ndvi': 0.7668974101543427, 'savi': 1.1471723914146423, 'evi': 1387875.765625, 'vari': 0.2496456503868103}
2025-10-17 22:56:58,743 - controller_func - INFO - Запрос анализа timeseries для токена: 2790976436791441417137
2025-10-17 22:56:58,744 - controller_func - INFO - Запрос списка анализов для токена: 2790976436791441417137
2025-10-17 22:56:58,940 - httpx - INFO - HTTP Request: POST https://ngw.devices.sberbank.ru:9443/api/v2/oauth "HTTP/1.1 200 OK"
2025-10-17 22:57:02,343 - httpx - INFO - HTTP Request: POST https://gigachat.devices.sberbank.ru/api/v1/chat/completions "HTTP/1.1 200 OK"
2025-10-17 22:57:02,347 - gigachat_service - INFO - Ответ от GigaChat успешно получен.
2025-10-17 22:58:18,458 - controller_func - INFO - Запрос профиля пользователя по токену: 2790976436791441417137
2025-10-17 22:58:18,479 - controller_func - INFO - Запрос списка полей для токена 2790976436791441417137
2025-10-17 22:58:18,480 - controller_func - INFO - Запрос списка анализов для токена: 2790976436791441417137
2025-10-17 22:58:20,704 - controller_func - INFO - Запрос анализа 1760731018 для токена: 2790976436791441417137
2025-10-17 22:58:20,721 - controller_func - INFO - Запрос AI-рекомендаций для анализа 1760731018
2025-10-17 22:58:20,723 - gigachat_service - INFO - Отправка запроса в GigaChat с данными: {'ndvi': 0.7668974101543427, 'savi': 1.1471723914146423, 'evi': 1387875.765625, 'vari': 0.2496456503868103}
2025-10-17 22:58:20,723 - gigachat_service - ERROR - Ошибка при взаимодействии с API GigaChat: Cannot send a request, as the client has been closed.
2025-10-17 22:58:20,740 - controller_func - INFO - Запрос анализа timeseries для токена: 2790976436791441417137
2025-10-17 23:04:20,703 - controller_func - INFO - Запрос профиля пользователя по токену: 2790976436791441417137
2025-10-17 23:04:20,720 - controller_func - INFO - Запрос списка полей для токена 2790976436791441417137
2025-10-17 23:04:20,728 - controller_func - INFO - Запрос списка анализов для токена: 2790976436791441417137
2025-10-17 23:04:36,425 - controller_func - INFO - Запрос полного анализа для токена 2790976436791441417137
2025-10-17 23:04:36,428 - analysis_manager - INFO - Запуск анализа коллекции для полигона...
2025-10-17 23:04:45,122 - analysis_manager - INFO - Анализ коллекции 1760731485 успешно сохранен
2025-10-17 23:04:45,140 - controller_func - INFO - Запрос AI-рекомендаций для анализа 1760731485
2025-10-17 23:04:45,143 - gigachat_service - INFO - Отправка запроса в GigaChat с данными: {'ndvi': 0.7790366113185883, 'savi': 1.1654040217399597, 'evi': 2.146520256996155, 'vari': 0.23778893053531647}
2025-10-17 23:04:45,144 - gigachat_service - ERROR - Ошибка при взаимодействии с API GigaChat: Cannot send a request, as the client has been closed.
2025-10-17 23:04:45,165 - controller_func - INFO - Запрос списка анализов для токена: 2790976436791441417137
2025-10-17 23:06:17,814 - __main__ - INFO - Запуск приложения...
2025-10-17 23:06:17,814 - controller - INFO - Инициализация контроллера...
2025-10-17 23:06:17,861 - dbrequest - INFO - Инициализация единой базы данных: db/app_data.db
2025-10-17 23:06:17,861 - dbrequest - INFO - Все таблицы в db/app_data.db созданы/проверены.
2025-10-17 23:06:17,862 - controller - INFO - Контроллер инициализирован
2025-10-17 23:06:17,862 - controller - INFO - Запуск HTTP сервера...
2025-10-17 23:06:17,862 - controller - INFO - Регистрация маршрутов...
2025-10-17 23:06:17,879 - controller - INFO - Сервер запущен на 0.0.0.0:8000 с использованием HTTP
2025-10-17 23:06:21,738 - controller_func - INFO - Запрос профиля пользователя по токену: 2790976436791441417137
2025-10-17 23:06:21,756 - controller_func - INFO - Запрос списка полей для токена 2790976436791441417137
2025-10-17 23:06:21,759 - controller_func - INFO - Запрос списка анализов для токена: 2790976436791441417137
2025-10-17 23:06:38,654 - controller_func - INFO - Запрос полного анализа для токена 2790976436791441417137
2025-10-17 23:06:38,657 - gee_initializer - INFO - Инициализация GEE с сервисным аккаунтом: hack25addcode-3171f61bba2c.json
2025-10-17 23:06:40,572 - gee_initializer - INFO - GEE успешно инициализирован
2025-10-17 23:06:40,572 - analysis_manager - INFO - Запуск анализа коллекции для полигона...
2025-10-17 23:06:49,621 - analysis_manager - INFO - Анализ коллекции 1760731609 успешно сохранен
2025-10-17 23:06:49,633 - controller_func - INFO - Запрос AI-рекомендаций для анализа 1760731609
2025-10-17 23:06:49,634 - gigachat_service - INFO - Отправка запроса в GigaChat с данными: {'ndvi': 0.7909502387046814, 'savi': 1.1824299097061157, 'evi': 185257.93664622307, 'vari': 40756.56871919334}
2025-10-17 23:06:49,682 - controller_func - INFO - Запрос списка анализов для токена: 2790976436791441417137
2025-10-17 23:06:49,749 - httpx - INFO - HTTP Request: POST https://ngw.devices.sberbank.ru:9443/api/v2/oauth "HTTP/1.1 200 OK"
2025-10-17 23:06:53,588 - httpx - INFO - HTTP Request: POST https://gigachat.devices.sberbank.ru/api/v1/chat/completions "HTTP/1.1 200 OK"
2025-10-17 23:06:53,590 - gigachat_service - INFO - Ответ от GigaChat успешно получен.
2025-10-17 23:12:08,007 - controller_func - INFO - Запрос профиля пользователя по токену: 2790976436791441417137
2025-10-17 23:12:08,021 - controller_func - INFO - Запрос списка полей для токена 2790976436791441417137
2025-10-17 23:12:08,023 - controller_func - INFO - Запрос списка анализов для токена: 2790976436791441417137
2025-10-17 23:12:34,568 - controller_func - INFO - Запрос полного анализа для токена 2790976436791441417137
2025-10-17 23:12:34,568 - analysis_manager - INFO - Запуск анализа коллекции для полигона...
2025-10-17 23:12:41,721 - analysis_manager - INFO - Анализ коллекции 1760731961 успешно сохранен
2025-10-17 23:12:41,737 - controller_func - INFO - Запрос AI-рекомендаций для анализа 1760731961
2025-10-17 23:12:41,739 - gigachat_service - INFO - Отправка запроса в GigaChat с данными: {'ndvi': 0.7651518285274506, 'savi': 1.1443874835968018, 'evi': 1.972237765789032, 'vari': 0.20544427633285522}
2025-10-17 23:12:41,740 - gigachat_service - ERROR - Ошибка при взаимодействии с API GigaChat: Cannot send a request, as the client has been closed.
2025-10-17 23:12:41,764 - controller_func - INFO - Запрос списка анализов для токена: 2790976436791441417137
2025-10-17 23:14:19,434 - controller_func - INFO - Запрос полного анализа для токена 2790976436791441417137
2025-10-17 23:14:19,436 - analysis_manager - INFO - Запуск анализа коллекции для полигона...
2025-10-17 23:14:27,895 - analysis_manager - INFO - Анализ коллекции 1760732067 успешно сохранен
2025-10-17 23:14:27,920 - controller_func - INFO - Запрос AI-рекомендаций для анализа 1760732067
2025-10-17 23:14:27,922 - gigachat_service - INFO - Отправка запроса в GigaChat с данными: {'ndvi': 0.7446570992469788, 'savi': 1.1136141419410706, 'evi': 202305.0, 'vari': 19065.40081912279}
2025-10-17 23:14:27,922 - gigachat_service - ERROR - Ошибка при взаимодействии с API GigaChat: Cannot send a request, as the client has been closed.
2025-10-17 23:14:27,940 - controller_func - INFO - Запрос списка анализов для токена: 2790976436791441417137
2025-10-17 23:25:57,991 - __main__ - INFO - Запуск приложения...
2025-10-17 23:25:57,991 - controller - INFO - Инициализация контроллера...
2025-10-17 23:25:58,039 - dbrequest - INFO - Инициализация единой базы данных: db/app_data.db
2025-10-17 23:25:58,040 - dbrequest - INFO - Все таблицы в db/app_data.db созданы/проверены.
2025-10-17 23:25:58,041 - controller - INFO - Контроллер инициализирован
2025-10-17 23:25:58,041 - controller - INFO - Запуск HTTP сервера...
2025-10-17 23:25:58,041 - controller - INFO - Регистрация маршрутов...
2025-10-17 23:25:58,058 - controller - INFO - Сервер запущен на 0.0.0.0:8000 с использованием HTTP
2025-10-17 23:26:05,283 - controller_func - INFO - Запрос профиля пользователя по токену: 2790976436791441417137
2025-10-17 23:26:05,344 - controller_func - INFO - Запрос списка полей для токена 2790976436791441417137
2025-10-17 23:26:05,346 - controller_func - INFO - Запрос списка анализов для токена: 2790976436791441417137
2025-10-17 23:28:17,102 - controller_func - INFO - Запрос полного анализа для токена 2790976436791441417137
2025-10-17 23:28:17,103 - gee_initializer - INFO - Инициализация GEE с сервисным аккаунтом: hack25addcode-3171f61bba2c.json
2025-10-17 23:28:20,801 - gee_initializer - INFO - GEE успешно инициализирован
2025-10-17 23:28:20,802 - analysis_manager - INFO - Запуск анализа коллекции для полигона...
2025-10-17 23:28:33,003 - analysis_manager - INFO - Анализ коллекции 1760732912 успешно сохранен
2025-10-17 23:28:33,021 - controller_func - INFO - Запрос AI-рекомендаций для анализа 1760732912
2025-10-17 23:28:33,023 - gigachat_service - INFO - Отправка запроса в GigaChat с данными: {'ndvi': 0.6371859908103943, 'savi': 0.9540091454982758, 'evi': 146181.42479020357, 'vari': 0.1532742604613304}
2025-10-17 23:28:33,050 - controller_func - INFO - Запрос списка анализов для токена: 2790976436791441417137
2025-10-17 23:28:33,285 - httpx - INFO - HTTP Request: POST https://ngw.devices.sberbank.ru:9443/api/v2/oauth "HTTP/1.1 200 OK"
2025-10-17 23:28:36,662 - httpx - INFO - HTTP Request: POST https://gigachat.devices.sberbank.ru/api/v1/chat/completions "HTTP/1.1 200 OK"
2025-10-17 23:28:36,667 - gigachat_service - INFO - Ответ от GigaChat успешно получен.
2025-10-17 23:47:31,606 - controller_func - INFO - Запрос профиля пользователя по токену: 2790976436791441417137
2025-10-17 23:47:31,617 - controller_func - INFO - Запрос списка полей для токена 2790976436791441417137
2025-10-17 23:47:31,619 - controller_func - INFO - Запрос списка анализов для токена: 2790976436791441417137
2025-10-17 23:47:36,667 - controller_func - INFO - Запрос профиля пользователя по токену: 2790976436791441417137
2025-10-17 23:47:36,687 - controller_func - INFO - Запрос списка полей для токена 2790976436791441417137
2025-10-17 23:47:36,689 - controller_func - INFO - Запрос списка анализов для токена: 2790976436791441417137
2025-10-17 23:48:15,098 - controller_func - INFO - Запрос полного анализа для токена 2790976436791441417137
2025-10-17 23:48:15,100 - analysis_manager - INFO - Запуск анализа коллекции для полигона...
2025-10-17 23:48:15,155 - googleapiclient.http - WARNING - Sleeping 1.21 seconds before retry 1 of 5 for request: POST https://earthengine.googleapis.com/v1/projects/earthengine-legacy/value:compute?prettyPrint=false&alt=json, after ('Connection aborted.', RemoteDisconnected('Remote end closed connection without response'))
2025-10-17 23:48:25,523 - analysis_manager - INFO - Анализ коллекции 1760734105 успешно сохранен
2025-10-17 23:48:25,538 - controller_func - INFO - Запрос AI-рекомендаций для анализа 1760734105
2025-10-17 23:48:25,541 - gigachat_service - INFO - Отправка запроса в GigaChat с данными: {'ndvi': 0.6369216442108154, 'savi': 0.9536099135875702, 'evi': 142334.59611576796, 'vari': 0.15306370705366135}
2025-10-17 23:48:25,542 - gigachat_service - ERROR - Ошибка при взаимодействии с API GigaChat: Cannot send a request, as the client has been closed.
2025-10-17 23:48:30,254 - controller_func - INFO - Запрос полного анализа для токена 2790976436791441417137
2025-10-17 23:48:30,254 - analysis_manager - INFO - Запуск анализа коллекции для полигона...
2025-10-17 23:48:39,393 - analysis_manager - INFO - Анализ коллекции 1760734119 успешно сохранен
2025-10-17 23:48:39,414 - controller_func - INFO - Запрос AI-рекомендаций для анализа 1760734119
2025-10-17 23:48:39,416 - gigachat_service - INFO - Отправка запроса в GigaChat с данными: {'ndvi': 0.6369216442108154, 'savi': 0.9536099135875702, 'evi': 142334.59611576796, 'vari': 0.15306370705366135}
2025-10-17 23:48:39,416 - gigachat_service - ERROR - Ошибка при взаимодействии с API GigaChat: Cannot send a request, as the client has been closed.
2025-10-17 23:49:04,383 - controller_func - INFO - Запрос профиля пользователя по токену: 2790976436791441417137
2025-10-17 23:49:04,395 - controller_func - INFO - Запрос списка полей для токена 2790976436791441417137
2025-10-17 23:49:04,398 - controller_func - INFO - Запрос списка анализов для токена: 2790976436791441417137
2025-10-17 23:49:42,031 - controller_func - INFO - Запрос полного анализа для токена 2790976436791441417137
2025-10-17 23:49:42,033 - analysis_manager - INFO - Запуск анализа коллекции для полигона...
2025-10-17 23:49:47,487 - analysis_manager - INFO - Анализ коллекции 1760734187 успешно сохранен
2025-10-17 23:49:47,494 - controller_func - INFO - Запрос AI-рекомендаций для анализа 1760734187
2025-10-17 23:49:47,496 - gigachat_service - INFO - Отправка запроса в GigaChat с данными: {'ndvi': 0.5504690408706665, 'savi': 0.8239635825157166, 'evi': 1.288250207901001, 'vari': 0.04225658252835274}
2025-10-17 23:49:47,496 - gigachat_service - ERROR - Ошибка при взаимодействии с API GigaChat: Cannot send a request, as the client has been closed.
2025-10-17 23:49:47,512 - controller_func - INFO - Запрос списка анализов для токена: 2790976436791441417137
2025-10-17 23:50:12,947 - controller_func - INFO - Запрос профиля пользователя по токену: 2790976436791441417137
2025-10-17 23:50:12,956 - controller_func - INFO - Запрос списка полей для токена 2790976436791441417137
2025-10-17 23:50:12,958 - controller_func - INFO - Запрос списка анализов для токена: 2790976436791441417137
2025-10-17 23:50:24,510 - controller_func - INFO - Запрос полного анализа для токена 2790976436791441417137
2025-10-17 23:50:24,510 - analysis_manager - INFO - Запуск анализа коллекции для полигона...
2025-10-17 23:50:34,819 - analysis_manager - INFO - Анализ коллекции 1760734234 успешно сохранен
2025-10-17 23:50:34,841 - controller_func - INFO - Запрос AI-рекомендаций для анализа 1760734234
2025-10-17 23:50:34,843 - gigachat_service - INFO - Отправка запроса в GigaChat с данными: {'ndvi': 0.6216347813606262, 'savi': 0.9300734996795654, 'evi': 855183.625, 'vari': 13241.697610370815}
2025-10-17 23:50:34,844 - gigachat_service - ERROR - Ошибка при взаимодействии с API GigaChat: Cannot send a request, as the client has been closed.
2025-10-17 23:50:34,863 - controller_func - INFO - Запрос списка анализов для токена: 2790976436791441417137
2025-10-17 23:56:32,538 - __main__ - INFO - Запуск приложения...
2025-10-17 23:56:32,538 - controller - INFO - Инициализация контроллера...
2025-10-17 23:56:32,579 - dbrequest - INFO - Инициализация единой базы данных: db/app_data.db
2025-10-17 23:56:32,579 - dbrequest - INFO - Все таблицы в db/app_data.db созданы/проверены.
2025-10-17 23:56:32,581 - controller - INFO - Контроллер инициализирован
2025-10-17 23:56:32,581 - controller - INFO - Запуск HTTP сервера...
2025-10-17 23:56:32,581 - controller - INFO - Регистрация маршрутов...
2025-10-17 23:56:32,598 - controller - INFO - Сервер запущен на 0.0.0.0:8000 с использованием HTTP
2025-10-17 23:56:38,452 - controller_func - INFO - Запрос профиля пользователя по токену: 2790976436791441417137
2025-10-17 23:56:38,475 - controller_func - INFO - Запрос списка полей для токена 2790976436791441417137
2025-10-17 23:56:38,477 - controller_func - INFO - Запрос списка анализов для токена: 2790976436791441417137
2025-10-17 23:56:51,644 - controller_func - INFO - Запрос полного анализа для токена 2790976436791441417137
2025-10-17 23:56:51,646 - gee_initializer - INFO - Инициализация GEE с сервисным аккаунтом: hack25addcode-3171f61bba2c.json
2025-10-17 23:56:54,895 - gee_initializer - INFO - GEE успешно инициализирован
2025-10-17 23:56:54,895 - analysis_manager - INFO - Запуск анализа коллекции для полигона...
2025-10-17 23:57:01,287 - analysis_manager - INFO - Анализ коллекции 1760734621 успешно сохранен
2025-10-17 23:57:01,294 - controller_func - INFO - Запрос AI-рекомендаций для анализа 1760734621
2025-10-17 23:57:01,295 - gigachat_service - INFO - Отправка запроса в GigaChat с данными: {'ndvi': 0.713154673576355, 'savi': 1.0668350458145142, 'evi': 231728.1875, 'vari': 0.08369749039411545}
2025-10-17 23:57:01,342 - controller_func - INFO - Запрос списка анализов для токена: 2790976436791441417137
2025-10-17 23:57:01,439 - httpx - INFO - HTTP Request: POST https://ngw.devices.sberbank.ru:9443/api/v2/oauth "HTTP/1.1 200 OK"
2025-10-17 23:57:05,482 - httpx - INFO - HTTP Request: POST https://gigachat.devices.sberbank.ru/api/v1/chat/completions "HTTP/1.1 200 OK"
2025-10-17 23:57:05,485 - gigachat_service - INFO - Ответ от GigaChat успешно получен.
2025-10-17 23:58:03,207 - controller_func - INFO - Запрос анализа 1760734234 для токена: 2790976436791441417137
2025-10-17 23:58:03,244 - controller_func - INFO - Запрос AI-рекомендаций для анализа 1760734234
2025-10-17 23:58:03,246 - gigachat_service - INFO - Отправка запроса в GigaChat с данными: {'ndvi': 0.6216347813606262, 'savi': 0.9300734996795654, 'evi': 855183.625, 'vari': 13241.697610370815}
2025-10-17 23:58:07,223 - httpx - INFO - HTTP Request: POST https://gigachat.devices.sberbank.ru/api/v1/chat/completions "HTTP/1.1 200 OK"
2025-10-17 23:58:07,225 - gigachat_service - INFO - Ответ от GigaChat успешно получен.
2025-10-18 00:02:22,965 - controller_func - INFO - Запрос профиля пользователя по токену: 2790976436791441417137
2025-10-18 00:02:24,079 - controller_func - INFO - Запрос списка полей для токена 2790976436791441417137
2025-10-18 00:02:24,187 - controller_func - INFO - Запрос списка анализов для токена: 2790976436791441417137
2025-10-18 00:05:32,716 - __main__ - INFO - Запуск приложения...
2025-10-18 00:05:32,717 - controller - INFO - Инициализация контроллера...
2025-10-18 00:05:32,753 - dbrequest - INFO - Инициализация единой базы данных: db/app_data.db
2025-10-18 00:05:32,754 - dbrequest - INFO - Все таблицы в db/app_data.db созданы/проверены.
2025-10-18 00:05:32,755 - controller - INFO - Контроллер инициализирован
2025-10-18 00:05:32,755 - controller - INFO - Запуск HTTP сервера...
2025-10-18 00:05:32,755 - controller - INFO - Регистрация маршрутов...
2025-10-18 00:05:32,772 - controller - INFO - Сервер запущен на 0.0.0.0:8000 с использованием HTTP
2025-10-18 00:05:49,957 - controller_func - INFO - Запрос профиля пользователя по токену: 2790976436791441417137
2025-10-18 00:05:49,994 - controller_func - INFO - Запрос списка полей для токена 2790976436791441417137
2025-10-18 00:05:50,010 - controller_func - INFO - Запрос списка анализов для токена: 2790976436791441417137
2025-10-18 00:06:02,070 - controller_func - INFO - Запрос полного анализа для токена 2790976436791441417137
2025-10-18 00:06:02,071 - gee_initializer - INFO - Инициализация GEE с сервисным аккаунтом: hack25addcode-3171f61bba2c.json
2025-10-18 00:06:05,100 - gee_initializer - INFO - GEE успешно инициализирован
2025-10-18 00:06:05,101 - analysis_manager - INFO - Запуск анализа коллекции для полигона...
2025-10-18 00:06:15,334 - analysis_manager - INFO - Анализ коллекции 1760735175 успешно сохранен
2025-10-18 00:06:15,349 - controller_func - INFO - Запрос AI-рекомендаций для анализа 1760735175
2025-10-18 00:06:15,351 - gigachat_service - INFO - Отправка запроса в GigaChat с данными: {'ndvi': 0.7475697100162506, 'savi': 1.1177976727485657, 'evi': 71310.32470703125, 'vari': 20546.685662411153}
2025-10-18 00:06:15,379 - controller_func - INFO - Запрос списка анализов для токена: 2790976436791441417137
2025-10-18 00:06:15,436 - httpx - INFO - HTTP Request: POST https://ngw.devices.sberbank.ru:9443/api/v2/oauth "HTTP/1.1 200 OK"
2025-10-18 00:06:19,139 - httpx - INFO - HTTP Request: POST https://gigachat.devices.sberbank.ru/api/v1/chat/completions "HTTP/1.1 200 OK"
2025-10-18 00:06:19,142 - gigachat_service - INFO - Ответ от GigaChat успешно получен.
2025-10-18 00:10:54,092 - __main__ - INFO - Запуск приложения...
2025-10-18 00:10:54,092 - controller - INFO - Инициализация контроллера...
2025-10-18 00:10:54,119 - dbrequest - INFO - Инициализация единой базы данных: db/app_data.db
2025-10-18 00:10:54,120 - dbrequest - INFO - Все таблицы в db/app_data.db созданы/проверены.
2025-10-18 00:10:54,121 - controller - INFO - Контроллер инициализирован
2025-10-18 00:10:54,121 - controller - INFO - Запуск HTTP сервера...
2025-10-18 00:10:54,121 - controller - INFO - Регистрация маршрутов...
2025-10-18 00:10:54,138 - controller - INFO - Сервер запущен на 0.0.0.0:8000 с использованием HTTP
2025-10-18 00:11:03,036 - controller_func - INFO - Запрос профиля пользователя по токену: 2790976436791441417137
2025-10-18 00:11:03,047 - controller_func - INFO - Запрос списка анализов для токена: 2790976436791441417137
2025-10-18 00:11:03,049 - controller_func - INFO - Запрос списка полей для токена 2790976436791441417137
2025-10-18 00:11:22,000 - controller_func - INFO - Запрос полного анализа для токена 2790976436791441417137
2025-10-18 00:11:22,001 - gee_initializer - INFO - Инициализация GEE с сервисным аккаунтом: hack25addcode-3171f61bba2c.json
2025-10-18 00:11:24,705 - gee_initializer - INFO - GEE успешно инициализирован
2025-10-18 00:11:24,705 - analysis_manager - INFO - Запуск анализа коллекции для полигона...
2025-10-18 00:11:29,746 - analysis_manager - INFO - Анализ коллекции 1760735489 успешно сохранен
2025-10-18 00:11:29,753 - controller_func - INFO - Запрос AI-рекомендаций для анализа 1760735489
2025-10-18 00:11:29,754 - gigachat_service - INFO - Отправка запроса в GigaChat с данными: {'ndvi': 0.632933497428894, 'savi': 0.9475759267807007, 'evi': 1.5777932405471802, 'vari': 0.17962054908275604}
2025-10-18 00:11:29,783 - controller_func - INFO - Запрос списка анализов для токена: 2790976436791441417137
2025-10-18 00:11:29,837 - httpx - INFO - HTTP Request: POST https://ngw.devices.sberbank.ru:9443/api/v2/oauth "HTTP/1.1 200 OK"
2025-10-18 00:11:33,198 - httpx - INFO - HTTP Request: POST https://gigachat.devices.sberbank.ru/api/v1/chat/completions "HTTP/1.1 200 OK"
2025-10-18 00:11:33,202 - gigachat_service - INFO - Ответ от GigaChat успешно получен.
2025-10-18 00:11:56,062 - controller_func - INFO - Запрос профиля пользователя по токену: 2790976436791441417137
2025-10-18 00:11:56,082 - controller_func - INFO - Запрос списка полей для токена 2790976436791441417137
2025-10-18 00:11:56,083 - controller_func - INFO - Запрос списка анализов для токена: 2790976436791441417137
2025-10-18 00:12:24,811 - controller_func - INFO - Запрос на добавление пользователя: 11
2025-10-18 00:12:24,811 - controller_func - WARNING - Попытка регистрации существующего пользователя: 11
2025-10-18 00:12:26,234 - controller_func - INFO - Запрос на добавление пользователя: 11
2025-10-18 00:12:26,235 - controller_func - WARNING - Попытка регистрации существующего пользователя: 11
2025-10-18 00:12:31,344 - controller_func - INFO - Запрос токена для пользователя: Питикин 
2025-10-18 00:12:31,344 - controller_func - WARNING - Пользователь не найден: Питикин 
2025-10-18 00:12:34,923 - controller_func - INFO - Запрос токена для пользователя: Питикин 
2025-10-18 00:12:34,926 - controller_func - WARNING - Пользователь не найден: Питикин 
2025-10-18 00:12:35,453 - controller_func - INFO - Запрос токена для пользователя: Питикин 
2025-10-18 00:12:35,455 - controller_func - WARNING - Пользователь не найден: Питикин 
2025-10-18 00:12:37,726 - controller_func - INFO - Запрос токена для пользователя: Питикин 
2025-10-18 00:12:37,727 - controller_func - WARNING - Пользователь не найден: Питикин 
2025-10-18 00:12:42,723 - controller_func - INFO - Запрос токена для пользователя: 11
2025-10-18 00:12:42,726 - controller_func - INFO - Токен успешно выдан для пользователя: 11
2025-10-18 00:12:42,738 - controller_func - INFO - Запрос профиля пользователя по токену: 2790976436791441417137
2025-10-18 00:12:42,745 - controller_func - INFO - Запрос списка полей для токена 2790976436791441417137
2025-10-18 00:12:42,749 - controller_func - INFO - Запрос списка анализов для токена: 2790976436791441417137
2025-10-18 00:12:58,174 - controller_func - INFO - Запрос полного анализа для токена 2790976436791441417137
2025-10-18 00:12:58,176 - analysis_manager - INFO - Запуск анализа коллекции для полигона...
2025-10-18 00:13:03,037 - analysis_manager - INFO - Анализ коллекции 1760735582 успешно сохранен
2025-10-18 00:13:03,055 - controller_func - INFO - Запрос AI-рекомендаций для анализа 1760735582
2025-10-18 00:13:03,058 - gigachat_service - INFO - Отправка запроса в GigaChat с данными: {'ndvi': 0.7220948934555054, 'savi': 1.0803712606430054, 'evi': 438541.375, 'vari': 0.20821626484394073}
2025-10-18 00:13:03,079 - controller_func - INFO - Запрос списка анализов для токена: 2790976436791441417137
2025-10-18 00:13:06,404 - httpx - INFO - HTTP Request: POST https://gigachat.devices.sberbank.ru/api/v1/chat/completions "HTTP/1.1 200 OK"
2025-10-18 00:13:06,416 - gigachat_service - INFO - Ответ от GigaChat успешно получен.
2025-10-18 09:32:00,721 - __main__ - INFO - Запуск приложения...
2025-10-18 09:32:00,722 - controller - INFO - Инициализация контроллера...
2025-10-18 09:32:00,762 - dbrequest - INFO - Инициализация единой базы данных: db/app_data.db
2025-10-18 09:32:00,763 - dbrequest - INFO - Все таблицы в db/app_data.db созданы/проверены.
2025-10-18 09:32:00,764 - controller - INFO - Контроллер инициализирован
2025-10-18 09:32:00,764 - controller - INFO - Запуск HTTP сервера...
2025-10-18 09:32:00,764 - controller - INFO - Регистрация маршрутов...
2025-10-18 09:32:00,781 - controller - INFO - Сервер запущен на 0.0.0.0:8000 с использованием HTTP
2025-10-18 09:34:51,923 - __main__ - INFO - Запуск приложения...
2025-10-18 09:34:51,923 - controller - INFO - Инициализация контроллера...
2025-10-18 09:34:51,958 - dbrequest - INFO - Инициализация единой базы данных: db/app_data.db
2025-10-18 09:34:51,958 - dbrequest - INFO - Все таблицы в db/app_data.db созданы/проверены.
2025-10-18 09:34:51,960 - controller - INFO - Контроллер инициализирован
2025-10-18 09:34:51,960 - controller - INFO - Запуск HTTP сервера...
2025-10-18 09:34:51,960 - controller - INFO - Регистрация маршрутов...
2025-10-18 09:34:51,976 - controller - INFO - Сервер запущен на 0.0.0.0:8000 с использованием HTTP
2025-10-18 09:34:56,478 - controller_func - INFO - Запрос токена для пользователя: pitikinm@gmail.com
2025-10-18 09:34:56,478 - controller_func - INFO - Токен успешно выдан для пользователя: pitikinm@gmail.com
2025-10-18 09:34:56,510 - controller_func - INFO - Запрос профиля пользователя по токену: 4992047187969184215349
2025-10-18 09:35:01,249 - controller_func - INFO - Запрос списка полей для токена 4992047187969184215349
2025-10-18 09:35:02,349 - controller_func - INFO - Запрос списка анализов для токена: 4992047187969184215349
2025-10-18 09:35:03,569 - controller_func - INFO - Запрос анализа 1760726971 для токена: 4992047187969184215349
2025-10-18 09:35:03,605 - controller_func - INFO - Запрос AI-рекомендаций для анализа 1760726971
2025-10-18 09:35:03,606 - gigachat_service - INFO - Отправка запроса в GigaChat с данными: {'ndvi': -0.07728271018713713, 'savi': -0.10248233210295439, 'evi': 0.02652520574629307, 'vari': 285330.50130887225}
2025-10-18 09:35:03,705 - httpx - INFO - HTTP Request: POST https://ngw.devices.sberbank.ru:9443/api/v2/oauth "HTTP/1.1 200 OK"
2025-10-18 09:35:06,520 - httpx - INFO - HTTP Request: POST https://gigachat.devices.sberbank.ru/api/v1/chat/completions "HTTP/1.1 200 OK"
2025-10-18 09:35:06,523 - gigachat_service - INFO - Ответ от GigaChat успешно получен.
2025-10-18 09:35:18,772 - controller_func - INFO - Запрос списка полей для токена 4992047187969184215349
2025-10-18 09:35:31,950 - controller_func - INFO - Запрос списка анализов для токена: 4992047187969184215349
2025-10-18 09:35:32,857 - controller_func - INFO - Запрос анализа 1760726971 для токена: 4992047187969184215349
2025-10-18 09:35:32,877 - controller_func - INFO - Запрос AI-рекомендаций для анализа 1760726971
2025-10-18 09:35:32,879 - gigachat_service - INFO - Отправка запроса в GigaChat с данными: {'ndvi': -0.07728271018713713, 'savi': -0.10248233210295439, 'evi': 0.02652520574629307, 'vari': 285330.50130887225}
2025-10-18 09:35:34,426 - controller_func - INFO - Запрос списка полей для токена 4992047187969184215349
2025-10-18 09:35:36,423 - httpx - INFO - HTTP Request: POST https://gigachat.devices.sberbank.ru/api/v1/chat/completions "HTTP/1.1 200 OK"
2025-10-18 09:35:36,426 - gigachat_service - INFO - Ответ от GigaChat успешно получен.
2025-10-18 09:36:26,108 - controller_func - INFO - Запрос сохранения поля 'там срал денис' для токена 4992047187969184215349
2025-10-18 09:36:26,126 - controller_func - INFO - Запрос списка полей для токена 4992047187969184215349
2025-10-18 09:36:33,093 - controller_func - INFO - Запрос полного анализа для токена 4992047187969184215349
2025-10-18 09:36:33,093 - gee_initializer - INFO - Инициализация GEE с сервисным аккаунтом: hack25addcode-3171f61bba2c.json
2025-10-18 09:36:36,111 - gee_initializer - INFO - GEE успешно инициализирован
2025-10-18 09:36:36,111 - analysis_manager - INFO - Запуск анализа коллекции для полигона...
2025-10-18 10:26:04,969 - __main__ - INFO - Запуск приложения...
2025-10-18 10:26:04,970 - controller - INFO - Инициализация контроллера...
2025-10-18 10:26:05,007 - dbrequest - INFO - Инициализация единой базы данных: db/app_data.db
2025-10-18 10:26:05,008 - dbrequest - INFO - Все таблицы в db/app_data.db созданы/проверены.
2025-10-18 10:26:05,010 - controller - INFO - Контроллер инициализирован
2025-10-18 10:26:05,010 - controller - INFO - Запуск HTTP сервера...
2025-10-18 10:26:05,010 - controller - INFO - Регистрация маршрутов...
2025-10-18 10:26:05,030 - controller - INFO - Сервер запущен на 0.0.0.0:8000 с использованием HTTP
2025-10-18 10:26:14,372 - controller_func - INFO - Запрос профиля пользователя по токену: 2790976436791441417137
2025-10-18 10:26:14,393 - controller_func - INFO - Запрос списка полей для токена 2790976436791441417137
2025-10-18 10:26:14,395 - controller_func - INFO - Запрос списка анализов для токена: 2790976436791441417137
2025-10-18 10:26:44,477 - controller_func - INFO - Запрос полного анализа для токена 2790976436791441417137
2025-10-18 10:26:44,477 - gee_initializer - INFO - Инициализация GEE с сервисным аккаунтом: hack25addcode-3171f61bba2c.json
2025-10-18 10:26:46,570 - gee_initializer - INFO - GEE успешно инициализирован
2025-10-18 10:26:46,571 - analysis_manager - INFO - Запуск анализа коллекции для полигона...
2025-10-18 10:26:50,479 - analysis_manager - INFO - Анализ коллекции 1760772410 успешно сохранен
2025-10-18 10:26:50,495 - controller_func - INFO - Запрос AI-рекомендаций для анализа 1760772410
2025-10-18 10:26:50,499 - gigachat_service - INFO - Отправка запроса в GigaChat с данными: {'ndvi': 0.6769272685050964, 'savi': 1.0134704113006592, 'evi': 1.6683729887008667, 'vari': 0.15398436784744263}
2025-10-18 10:26:50,529 - controller_func - INFO - Запрос списка анализов для токена: 2790976436791441417137
2025-10-18 10:26:50,601 - httpx - INFO - HTTP Request: POST https://ngw.devices.sberbank.ru:9443/api/v2/oauth "HTTP/1.1 200 OK"
2025-10-18 10:26:53,979 - httpx - INFO - HTTP Request: POST https://gigachat.devices.sberbank.ru/api/v1/chat/completions "HTTP/1.1 200 OK"
2025-10-18 10:26:53,981 - gigachat_service - INFO - Ответ от GigaChat успешно получен.
2025-10-18 10:53:22,440 - controller_func - INFO - Запрос профиля пользователя по токену: 2790976436791441417137
2025-10-18 10:53:22,453 - controller_func - INFO - Запрос списка анализов для токена: 2790976436791441417137
2025-10-18 10:53:22,457 - controller_func - INFO - Запрос списка полей для токена 2790976436791441417137
2025-10-18 11:01:57,825 - controller_func - INFO - Запрос токена для пользователя: Питикин 
2025-10-18 11:01:57,825 - controller_func - WARNING - Пользователь не найден: Питикин 
2025-10-18 11:01:58,472 - controller_func - INFO - Запрос токена для пользователя: Питикин 
2025-10-18 11:01:58,475 - controller_func - WARNING - Пользователь не найден: Питикин 
2025-10-18 11:02:00,176 - controller_func - INFO - Запрос токена для пользователя: Питикин 
2025-10-18 11:02:00,179 - controller_func - WARNING - Пользователь не найден: Питикин 
2025-10-18 11:02:00,760 - controller_func - INFO - Запрос токена для пользователя: Питикин 
2025-10-18 11:02:00,763 - controller_func - WARNING - Пользователь не найден: Питикин 
2025-10-18 11:02:03,969 - controller_func - INFO - Запрос токена для пользователя: Питикин
2025-10-18 11:02:03,972 - controller_func - WARNING - Пользователь не найден: Питикин
2025-10-18 11:02:09,730 - controller_func - INFO - Запрос токена для пользователя: 11111
2025-10-18 11:02:09,732 - controller_func - WARNING - Пользователь не найден: 11111
2025-10-18 11:02:24,687 - controller_func - INFO - Запрос на добавление пользователя: 1111
2025-10-18 11:02:24,687 - controller_func - INFO - Генерация токена для пользователя: 1111
2025-10-18 11:02:24,688 - controller_func - INFO - Добавление пользователя 1111 с токеном: 2432822088462478500819
2025-10-18 11:02:24,690 - dbrequest - INFO - Пользователь 1111 (ID: 8) успешно добавлен.
2025-10-18 11:02:24,690 - controller_func - INFO - Пользователь 1111 успешно зарегистрирован
2025-10-18 11:02:28,137 - controller_func - INFO - Запрос токена для пользователя: 11111
2025-10-18 11:02:28,139 - controller_func - WARNING - Пользователь не найден: 11111
2025-10-18 11:06:34,851 - controller_func - INFO - Запрос токена для пользователя: 11111
2025-10-18 11:06:34,854 - controller_func - WARNING - Пользователь не найден: 11111
2025-10-18 11:06:35,527 - controller_func - INFO - Запрос токена для пользователя: 11111
2025-10-18 11:06:35,531 - controller_func - WARNING - Пользователь не найден: 11111
2025-10-18 11:06:36,290 - controller_func - INFO - Запрос токена для пользователя: 11111
2025-10-18 11:06:36,295 - controller_func - WARNING - Пользователь не найден: 11111
2025-10-18 11:06:43,475 - controller_func - INFO - Запрос токена для пользователя: Питикин
2025-10-18 11:06:43,478 - controller_func - WARNING - Пользователь не найден: Питикин
2025-10-18 11:06:44,150 - controller_func - INFO - Запрос токена для пользователя: Питикин
2025-10-18 11:06:44,150 - controller_func - WARNING - Пользователь не найден: Питикин
2025-10-18 11:07:01,101 - controller_func - INFO - Запрос на добавление пользователя: 11111
2025-10-18 11:07:01,103 - controller_func - INFO - Генерация токена для пользователя: 11111
2025-10-18 11:07:01,104 - controller_func - INFO - Добавление пользователя 11111 с токеном: 8397669698588185726656
2025-10-18 11:07:01,122 - dbrequest - INFO - Пользователь 11111 (ID: 9) успешно добавлен.
2025-10-18 11:07:01,122 - controller_func - INFO - Пользователь 11111 успешно зарегистрирован
2025-10-18 11:07:08,747 - controller_func - INFO - Запрос токена для пользователя: 11111
2025-10-18 11:07:08,749 - controller_func - INFO - Токен успешно выдан для пользователя: 11111
2025-10-18 11:07:08,765 - controller_func - INFO - Запрос профиля пользователя по токену: 8397669698588185726656
2025-10-18 11:07:08,785 - controller_func - INFO - Запрос списка полей для токена 8397669698588185726656
2025-10-18 11:07:08,786 - controller_func - INFO - Запрос списка анализов для токена: 8397669698588185726656
2025-10-18 11:07:29,776 - controller_func - INFO - Запрос полного анализа для токена 8397669698588185726656
2025-10-18 11:07:29,779 - analysis_manager - INFO - Запуск анализа коллекции для полигона...
2025-10-18 11:07:38,071 - analysis_manager - INFO - Анализ коллекции 1760774858 успешно сохранен
2025-10-18 11:07:38,093 - controller_func - INFO - Запрос AI-рекомендаций для анализа 1760774858
2025-10-18 11:07:38,099 - gigachat_service - INFO - Отправка запроса в GigaChat с данными: {'ndvi': 0.7606432139873505, 'savi': 1.1375332474708557, 'evi': 111981.23641991615, 'vari': 15625.215580567718}
2025-10-18 11:07:38,126 - controller_func - INFO - Запрос списка анализов для токена: 8397669698588185726656
2025-10-18 11:07:38,161 - httpx - INFO - HTTP Request: POST https://gigachat.devices.sberbank.ru/api/v1/chat/completions "HTTP/1.1 401 Unauthorized"
2025-10-18 11:07:38,327 - httpx - INFO - HTTP Request: POST https://ngw.devices.sberbank.ru:9443/api/v2/oauth "HTTP/1.1 200 OK"
2025-10-18 11:07:41,619 - httpx - INFO - HTTP Request: POST https://gigachat.devices.sberbank.ru/api/v1/chat/completions "HTTP/1.1 200 OK"
2025-10-18 11:07:41,626 - gigachat_service - INFO - Ответ от GigaChat успешно получен.
2025-10-18 11:14:05,011 - controller_func - INFO - Запрос профиля пользователя по токену: 8397669698588185726656
2025-10-18 11:14:05,020 - controller_func - INFO - Запрос списка полей для токена 8397669698588185726656
2025-10-18 11:14:05,022 - controller_func - INFO - Запрос списка анализов для токена: 8397669698588185726656
2025-10-18 11:14:40,746 - controller_func - INFO - Запрос профиля пользователя по токену: 8397669698588185726656
2025-10-18 11:14:40,757 - controller_func - INFO - Запрос списка полей для токена 8397669698588185726656
2025-10-18 11:14:40,758 - controller_func - INFO - Запрос списка анализов для токена: 8397669698588185726656
2025-10-18 11:14:54,736 - controller_func - INFO - Запрос профиля пользователя по токену: 8397669698588185726656
2025-10-18 11:14:54,746 - controller_func - INFO - Запрос списка полей для токена 8397669698588185726656
2025-10-18 11:14:54,748 - controller_func - INFO - Запрос списка анализов для токена: 8397669698588185726656
2025-10-18 11:15:14,694 - controller_func - INFO - Запрос профиля пользователя по токену: 8397669698588185726656
2025-10-18 11:15:14,709 - controller_func - INFO - Запрос списка полей для токена 8397669698588185726656
2025-10-18 11:15:14,716 - controller_func - INFO - Запрос списка анализов для токена: 8397669698588185726656
2025-10-18 11:15:25,487 - controller_func - INFO - Запрос профиля пользователя по токену: 8397669698588185726656
2025-10-18 11:15:25,495 - controller_func - INFO - Запрос списка полей для токена 8397669698588185726656
2025-10-18 11:15:25,497 - controller_func - INFO - Запрос списка анализов для токена: 8397669698588185726656
2025-10-18 11:16:46,444 - controller_func - INFO - Запрос профиля пользователя по токену: 8397669698588185726656
2025-10-18 11:16:46,455 - controller_func - INFO - Запрос списка полей для токена 8397669698588185726656
2025-10-18 11:16:46,457 - controller_func - INFO - Запрос списка анализов для токена: 8397669698588185726656
2025-10-18 11:17:00,939 - controller_func - INFO - Запрос профиля пользователя по токену: 8397669698588185726656
2025-10-18 11:17:00,956 - controller_func - INFO - Запрос списка полей для токена 8397669698588185726656
2025-10-18 11:17:00,958 - controller_func - INFO - Запрос списка анализов для токена: 8397669698588185726656
2025-10-18 11:18:03,936 - controller_func - INFO - Запрос профиля пользователя по токену: 8397669698588185726656
2025-10-18 11:18:03,946 - controller_func - INFO - Запрос списка полей для токена 8397669698588185726656
2025-10-18 11:18:03,948 - controller_func - INFO - Запрос списка анализов для токена: 8397669698588185726656
2025-10-18 11:18:17,565 - controller_func - INFO - Запрос профиля пользователя по токену: 8397669698588185726656
2025-10-18 11:18:17,579 - controller_func - INFO - Запрос списка полей для токена 8397669698588185726656
2025-10-18 11:18:17,583 - controller_func - INFO - Запрос списка анализов для токена: 8397669698588185726656
2025-10-18 11:19:05,793 - controller_func - INFO - Запрос профиля пользователя по токену: 8397669698588185726656
2025-10-18 11:19:05,803 - controller_func - INFO - Запрос списка полей для токена 8397669698588185726656
2025-10-18 11:19:05,807 - controller_func - INFO - Запрос списка анализов для токена: 8397669698588185726656
2025-10-18 11:19:25,308 - controller_func - INFO - Запрос токена для пользователя: 11111
2025-10-18 11:19:25,309 - controller_func - INFO - Токен успешно выдан для пользователя: 11111
2025-10-18 11:19:25,359 - controller_func - INFO - Запрос профиля пользователя по токену: 8397669698588185726656
2025-10-18 11:19:25,362 - controller_func - INFO - Запрос списка полей для токена 8397669698588185726656
2025-10-18 11:19:25,363 - controller_func - INFO - Запрос списка анализов для токена: 8397669698588185726656
2025-10-18 11:19:46,972 - controller_func - INFO - Запрос профиля пользователя по токену: 8397669698588185726656
2025-10-18 11:19:46,981 - controller_func - INFO - Запрос списка полей для токена 8397669698588185726656
2025-10-18 11:19:46,983 - controller_func - INFO - Запрос списка анализов для токена: 8397669698588185726656
2025-10-18 11:20:34,629 - controller_func - INFO - Запрос профиля пользователя по токену: 8397669698588185726656
2025-10-18 11:20:34,638 - controller_func - INFO - Запрос списка полей для токена 8397669698588185726656
2025-10-18 11:20:34,640 - controller_func - INFO - Запрос списка анализов для токена: 8397669698588185726656
2025-10-18 11:22:31,701 - controller_func - INFO - Запрос профиля пользователя по токену: 8397669698588185726656
2025-10-18 11:22:31,710 - controller_func - INFO - Запрос списка полей для токена 8397669698588185726656
2025-10-18 11:22:31,712 - controller_func - INFO - Запрос списка анализов для токена: 8397669698588185726656
2025-10-18 11:25:23,630 - controller_func - INFO - Запрос профиля пользователя по токену: 8397669698588185726656
2025-10-18 11:25:23,639 - controller_func - INFO - Запрос списка полей для токена 8397669698588185726656
2025-10-18 11:25:23,641 - controller_func - INFO - Запрос списка анализов для токена: 8397669698588185726656
2025-10-18 11:25:42,283 - controller_func - INFO - Запрос профиля пользователя по токену: 8397669698588185726656
2025-10-18 11:25:42,294 - controller_func - INFO - Запрос списка полей для токена 8397669698588185726656
2025-10-18 11:25:42,296 - controller_func - INFO - Запрос списка анализов для токена: 8397669698588185726656
2025-10-18 11:26:05,795 - controller_func - INFO - Запрос профиля пользователя по токену: 8397669698588185726656
2025-10-18 11:26:05,804 - controller_func - INFO - Запрос списка полей для токена 8397669698588185726656
2025-10-18 11:26:05,806 - controller_func - INFO - Запрос списка анализов для токена: 8397669698588185726656
2025-10-18 11:26:26,264 - controller_func - INFO - Запрос профиля пользователя по токену: 8397669698588185726656
2025-10-18 11:26:26,273 - controller_func - INFO - Запрос списка полей для токена 8397669698588185726656
2025-10-18 11:26:26,277 - controller_func - INFO - Запрос списка анализов для токена: 8397669698588185726656
2025-10-18 11:37:59,902 - controller_func - INFO - Запрос профиля пользователя по токену: 8397669698588185726656
2025-10-18 11:37:59,989 - controller_func - INFO - Запрос списка полей для токена 8397669698588185726656
2025-10-18 11:38:00,003 - controller_func - INFO - Запрос списка анализов для токена: 8397669698588185726656
2025-10-18 12:30:34,940 - controller_func - INFO - Запрос полного анализа для токена 8397669698588185726656
2025-10-18 12:30:34,946 - analysis_manager - INFO - Запуск анализа коллекции для полигона...
2025-10-18 12:30:48,699 - analysis_manager - INFO - Анализ коллекции 1760779848 успешно сохранен
2025-10-18 12:30:48,709 - controller_func - INFO - Запрос AI-рекомендаций для анализа 1760779848
2025-10-18 12:30:48,710 - gigachat_service - INFO - Отправка запроса в GigaChat с данными: {'ndvi': 0.736598789691925, 'savi': 1.1016218066215515, 'evi': 101445.5078125, 'vari': 51939.28829666227}
2025-10-18 12:30:48,774 - controller_func - INFO - Запрос списка анализов для токена: 8397669698588185726656
2025-10-18 12:30:49,652 - httpx - INFO - HTTP Request: POST https://gigachat.devices.sberbank.ru/api/v1/chat/completions "HTTP/1.1 401 Unauthorized"
2025-10-18 12:30:50,160 - httpx - INFO - HTTP Request: POST https://ngw.devices.sberbank.ru:9443/api/v2/oauth "HTTP/1.1 200 OK"
2025-10-18 12:30:53,922 - httpx - INFO - HTTP Request: POST https://gigachat.devices.sberbank.ru/api/v1/chat/completions "HTTP/1.1 200 OK"
2025-10-18 12:30:53,925 - gigachat_service - INFO - Ответ от GigaChat успешно получен.
2025-10-18 12:32:51,587 - controller_func - INFO - Запрос полного анализа для токена 8397669698588185726656
2025-10-18 12:32:51,589 - analysis_manager - INFO - Запуск анализа коллекции для полигона...
2025-10-18 12:33:00,061 - analysis_manager - INFO - Анализ коллекции 1760779980 успешно сохранен
2025-10-18 12:33:00,072 - controller_func - INFO - Запрос AI-рекомендаций для анализа 1760779980
2025-10-18 12:33:00,073 - gigachat_service - INFO - Отправка запроса в GigaChat с данными: {'ndvi': 0.736598789691925, 'savi': 1.1016218066215515, 'evi': 101445.5078125, 'vari': 51939.28829666227}
2025-10-18 12:33:00,086 - controller_func - INFO - Запрос списка анализов для токена: 8397669698588185726656
2025-10-18 12:33:03,742 - httpx - INFO - HTTP Request: POST https://gigachat.devices.sberbank.ru/api/v1/chat/completions "HTTP/1.1 200 OK"
2025-10-18 12:33:03,744 - gigachat_service - INFO - Ответ от GigaChat успешно получен.
2025-10-18 12:35:14,858 - controller_func - INFO - Запрос анализа 1760779980 для токена: 8397669698588185726656
2025-10-18 12:35:14,894 - controller_func - INFO - Запрос AI-рекомендаций для анализа 1760779980
2025-10-18 12:35:14,896 - gigachat_service - INFO - Отправка запроса в GigaChat с данными: {'ndvi': 0.736598789691925, 'savi': 1.1016218066215515, 'evi': 101445.5078125, 'vari': 51939.28829666227}
2025-10-18 12:35:18,925 - httpx - INFO - HTTP Request: POST https://gigachat.devices.sberbank.ru/api/v1/chat/completions "HTTP/1.1 200 OK"
2025-10-18 12:35:18,929 - gigachat_service - INFO - Ответ от GigaChat успешно получен.
2025-10-18 12:51:31,628 - __main__ - INFO - Запуск приложения...
2025-10-18 12:51:31,629 - controller - INFO - Инициализация контроллера...
2025-10-18 12:51:31,687 - dbrequest - INFO - Инициализация единой базы данных: db/app_data.db
2025-10-18 12:51:31,688 - dbrequest - INFO - Все таблицы в db/app_data.db созданы/проверены.
2025-10-18 12:51:31,689 - controller - INFO - Контроллер инициализирован
2025-10-18 12:51:31,689 - controller - INFO - Запуск HTTP сервера...
2025-10-18 12:51:31,689 - controller - INFO - Регистрация маршрутов...
2025-10-18 12:51:31,714 - controller - INFO - Сервер запущен на 0.0.0.0:8000 с использованием HTTP
2025-10-18 13:01:38,863 - controller_func - INFO - Запрос токена для пользователя: 11111
2025-10-18 13:01:38,864 - controller_func - INFO - Токен успешно выдан для пользователя: 11111
2025-10-18 13:01:38,908 - controller_func - INFO - Запрос профиля пользователя по токену: 8397669698588185726656
2025-10-18 13:01:38,938 - controller_func - INFO - Запрос списка полей для токена 8397669698588185726656
2025-10-18 13:01:38,940 - controller_func - INFO - Запрос списка анализов для токена: 8397669698588185726656
2025-10-18 13:01:46,315 - controller_func - INFO - Запрос анализа 1760779980 для токена: 8397669698588185726656
2025-10-18 13:01:46,369 - controller_func - INFO - Запрос AI-рекомендаций для анализа 1760779980
2025-10-18 13:01:46,372 - gigachat_service - INFO - Отправка запроса в GigaChat с данными: {'ndvi': 0.736598789691925, 'savi': 1.1016218066215515, 'evi': 101445.5078125, 'vari': 51939.28829666227}
2025-10-18 13:02:11,367 - httpx - INFO - HTTP Request: POST https://ngw.devices.sberbank.ru:9443/api/v2/oauth "HTTP/1.1 200 OK"
2025-10-18 13:02:18,280 - httpx - INFO - HTTP Request: POST https://gigachat.devices.sberbank.ru/api/v1/chat/completions "HTTP/1.1 200 OK"
2025-10-18 13:02:18,372 - gigachat_service - INFO - Ответ от GigaChat успешно получен.
2025-10-18 13:06:54,153 - __main__ - INFO - Запуск приложения...
2025-10-18 13:06:54,153 - controller - INFO - Инициализация контроллера...
2025-10-18 13:06:54,198 - dbrequest - INFO - Инициализация единой базы данных: db/app_data.db
2025-10-18 13:06:54,198 - dbrequest - INFO - Все таблицы в db/app_data.db созданы/проверены.
2025-10-18 13:06:54,199 - controller - INFO - Контроллер инициализирован
2025-10-18 13:06:54,199 - controller - INFO - Запуск HTTP сервера...
2025-10-18 13:06:54,199 - controller - INFO - Регистрация маршрутов...
2025-10-18 13:06:54,216 - controller - INFO - Сервер запущен на 0.0.0.0:8000 с использованием HTTP
2025-10-18 13:06:59,878 - controller_func - INFO - Запрос профиля пользователя по токену: 8397669698588185726656
2025-10-18 13:06:59,894 - controller_func - INFO - Запрос списка полей для токена 8397669698588185726656
2025-10-18 13:06:59,896 - controller_func - INFO - Запрос списка анализов для токена: 8397669698588185726656
2025-10-18 13:07:08,619 - controller_func - INFO - Запрос полного анализа для токена 8397669698588185726656
2025-10-18 13:07:08,620 - gee_initializer - INFO - Инициализация GEE с сервисным аккаунтом: hack25addcode-3171f61bba2c.json
2025-10-18 13:07:21,995 - gee_initializer - INFO - GEE успешно инициализирован
2025-10-18 13:07:21,995 - analysis_manager - INFO - Запуск анализа коллекции для полигона...
2025-10-18 13:07:34,510 - analysis_manager - INFO - Анализ коллекции 1760782054 успешно сохранен
2025-10-18 13:07:34,527 - controller_func - INFO - Запрос AI-рекомендаций для анализа 1760782054
2025-10-18 13:07:34,531 - gigachat_service - INFO - Отправка запроса в GigaChat с данными: {'ndvi': 0.7622519135475159, 'savi': 1.140171229839325, 'evi': 827656.578125, 'vari': 10389.201613277197}
2025-10-18 13:07:34,555 - controller_func - INFO - Запрос списка анализов для токена: 8397669698588185726656
2025-10-18 13:07:36,550 - httpx - INFO - HTTP Request: POST https://ngw.devices.sberbank.ru:9443/api/v2/oauth "HTTP/1.1 200 OK"
2025-10-18 13:07:40,856 - httpx - INFO - HTTP Request: POST https://gigachat.devices.sberbank.ru/api/v1/chat/completions "HTTP/1.1 200 OK"
2025-10-18 13:07:40,859 - gigachat_service - INFO - Ответ от GigaChat успешно получен.
2025-10-18 13:12:08,687 - __main__ - INFO - Запуск приложения...
2025-10-18 13:12:08,687 - controller - INFO - Инициализация контроллера...
2025-10-18 13:12:08,687 - controller - INFO - Проверка SSL-сертификатов...
2025-10-18 13:12:08,688 - controller - WARNING - SSL-сертификаты не найдены. Генерация самоподписанных сертификатов...
2025-10-18 13:12:10,085 - controller - INFO - Самоподписанные SSL-сертификаты успешно сгенерированы.
2025-10-18 13:12:10,118 - dbrequest - INFO - Инициализация единой базы данных: db/app_data.db
2025-10-18 13:12:10,118 - dbrequest - INFO - Все таблицы в db/app_data.db созданы/проверены.
2025-10-18 13:12:10,119 - controller - INFO - Контроллер инициализирован
2025-10-18 13:12:10,119 - controller - INFO - Запуск HTTPS сервера...
2025-10-18 13:12:10,119 - controller - INFO - Регистрация маршрутов...
2025-10-18 13:12:10,136 - controller - INFO - Сервер запущен на 0.0.0.0:8000 с использованием HTTPS
2025-10-18 13:16:48,151 - __main__ - INFO - Запуск приложения...
2025-10-18 13:16:48,151 - controller - INFO - Инициализация контроллера...
2025-10-18 13:16:48,151 - controller - INFO - Проверка SSL-сертификатов...
2025-10-18 13:16:48,151 - controller - INFO - Найдены существующие SSL-сертификаты. Используются они.
2025-10-18 13:16:48,191 - dbrequest - INFO - Инициализация единой базы данных: db/app_data.db
2025-10-18 13:16:48,192 - dbrequest - INFO - Все таблицы в db/app_data.db созданы/проверены.
2025-10-18 13:16:48,194 - controller - INFO - Контроллер инициализирован
2025-10-18 13:16:48,194 - controller - INFO - Запуск HTTPS сервера...
2025-10-18 13:16:48,194 - controller - INFO - Регистрация маршрутов...
2025-10-18 13:16:48,213 - controller - INFO - Сервер запущен на 0.0.0.0:8000 с использованием HTTPS
2025-10-18 13:16:53,311 - __main__ - INFO - Запуск приложения...
2025-10-18 13:16:53,311 - controller - INFO - Инициализация контроллера...
2025-10-18 13:16:53,311 - controller - INFO - Проверка SSL-сертификатов...
2025-10-18 13:16:53,311 - controller - INFO - Найдены существующие SSL-сертификаты. Используются они.
2025-10-18 13:16:53,346 - dbrequest - INFO - Инициализация единой базы данных: db/app_data.db
2025-10-18 13:16:53,346 - dbrequest - INFO - Все таблицы в db/app_data.db созданы/проверены.
2025-10-18 13:16:53,347 - controller - INFO - Контроллер инициализирован
2025-10-18 13:16:53,347 - controller - INFO - Запуск HTTPS сервера...
2025-10-18 13:16:53,347 - controller - INFO - Регистрация маршрутов...
2025-10-18 13:16:53,365 - controller - INFO - Сервер запущен на 0.0.0.0:8000 с использованием HTTPS
2025-10-18 13:18:45,844 - __main__ - INFO - Запуск приложения...
2025-10-18 13:18:45,844 - controller - INFO - Инициализация контроллера...
2025-10-18 13:18:45,844 - controller - INFO - Проверка SSL-сертификатов...
2025-10-18 13:18:45,844 - controller - INFO - Найдены существующие SSL-сертификаты. Используются они.
2025-10-18 13:18:45,879 - dbrequest - INFO - Инициализация единой базы данных: db/app_data.db
2025-10-18 13:18:45,880 - dbrequest - INFO - Все таблицы в db/app_data.db созданы/проверены.
2025-10-18 13:18:45,881 - controller - INFO - Контроллер инициализирован
2025-10-18 13:18:45,881 - controller - INFO - Запуск HTTPS сервера...
2025-10-18 13:18:45,881 - controller - INFO - Регистрация маршрутов...
2025-10-18 13:18:45,898 - controller - INFO - Сервер запущен на 0.0.0.0:8000 с использованием HTTPS
2025-10-18 13:19:37,323 - __main__ - INFO - Запуск приложения...
2025-10-18 13:19:37,323 - controller - INFO - Инициализация контроллера...
2025-10-18 13:19:37,323 - controller - INFO - Проверка SSL-сертификатов...
2025-10-18 13:19:37,323 - controller - INFO - Найдены существующие SSL-сертификаты. Используются они.
2025-10-18 13:19:37,356 - dbrequest - INFO - Инициализация единой базы данных: db/app_data.db
2025-10-18 13:19:37,356 - dbrequest - INFO - Все таблицы в db/app_data.db созданы/проверены.
2025-10-18 13:19:37,358 - controller - INFO - Контроллер инициализирован
2025-10-18 13:19:37,358 - controller - INFO - Запуск HTTPS сервера...
2025-10-18 13:19:37,358 - controller - INFO - Регистрация маршрутов...
2025-10-18 13:19:37,375 - controller - INFO - Сервер запущен на 0.0.0.0:8000 с использованием HTTPS
2025-10-18 13:20:21,515 - __main__ - INFO - Запуск приложения...
2025-10-18 13:20:21,516 - controller - INFO - Инициализация контроллера...
2025-10-18 13:20:21,516 - controller - INFO - Проверка SSL-сертификатов...
2025-10-18 13:20:21,516 - controller - INFO - Найдены существующие SSL-сертификаты. Используются они.
2025-10-18 13:20:21,552 - dbrequest - INFO - Инициализация единой базы данных: db/app_data.db
2025-10-18 13:20:21,552 - dbrequest - INFO - Все таблицы в db/app_data.db созданы/проверены.
2025-10-18 13:20:21,553 - controller - INFO - Контроллер инициализирован
2025-10-18 13:20:21,554 - controller - INFO - Запуск HTTPS сервера...
2025-10-18 13:20:21,554 - controller - INFO - Регистрация маршрутов...
2025-10-18 13:20:21,573 - controller - INFO - Сервер запущен на 0.0.0.0:8000 с использованием HTTPS
